csv_data/output_B0074JFW3A.csv
Category,VAT %,CPU,ASIN,Date,Amazon Price,FBA Price,FBM Price,Chosen Price,ROI %,ROI Score,Source,BSR,Offer Count,Review Count,Simulated Sales,Daily Profit,Stock,Actual Sales Volume,Avg Real Price,Scraper2_Title,Scraper2_MonthlySold,Scraper2_Rating,Scraper2_VariantReviews,Scraper2_3MonthUKReviews,Scraper2_HistoricalUKReviews,Scraper2_ParentTotalReviews,Scraper2_LaunchDate,Review Share %
DIY & Tools,20,11.59,B0074JFW3A,2024-10-26,25.78,21.21,19.52,19.52,-8.184383819379125,-5,fbm,5798,11,1595,0.0,0.0,61,0,0.0,ERA Fortress BS 3621 2.5-inch/ 64mm 5 Lever Maximum Security Mortice Sashlock - Chrome Effect,100+ bought in past month,4.4,1034,3,10,1627,N/A,63.55255070682237
DIY & Tools,20,11.59,B0074JFW3A,2024-10-27,26.98,21.2,,21.2,-0.2822201317027388,-5,fba,7514,,,0.0,0.0,61,0,0.0,ERA Fortress BS 3621 2.5-inch/ 64mm 5 Lever Maximum Security Mortice Sashlock - Chrome Effect,100+ bought in past month,4.4,1034,3,10,1627,N/A,63.55255070682237
DIY & Tools,20,11.59,B0074JFW3A,2024-10-28,25.5,21.2,19.58,19.58,-7.902163687676403,-5,fbm,6468,11,1596,0.0,0.0,61,0,0.0,ERA Fortress BS 3621 2.5-inch/ 64mm 5 Lever Maximum Security Mortice Sashlock - Chrome Effect,100+ bought in past month,4.4,1034,3,10,1627,N/A,63.55255070682237
DIY & Tools,20,11.59,B0074JFW3A,2024-10-29,24.89,21.2,19.61,19.61,-7.761053621825033,-5,fbm,8353,11,1596,0.0,0.0,61,0,0.0,ERA Fortress BS 3621 2.5-inch/ 64mm 5 Lever Maximum Security Mortice Sashlock - Chrome Effect,100+ bought in past month,4.4,1034,3,10,1627,N/A,63.55255070682237
DIY & Tools,20,11.59,B0074JFW3A,2024-10-30,26.98,21.2,20.88,20.88,-1.7873941674506233,-5,fbm,9126,12,1598,0.0,0.0,61,0,0.0,ERA Fortress BS 3621 2.5-inch/ 64mm 5 Lever Maximum Security Mortice Sashlock - Chrome Effect,100+ bought in past month,4.4,1034,3,10,1627,N/A,63.55255070682237
DIY & Tools,20,11.59,B0074JFW3A,2024-10-31,24.93,21.2,,21.2,-0.2822201317027388,-5,fba,4569,12,1598,0.0,0.0,61,0,0.0,ERA Fortress BS 3621 2.5-inch/ 64mm 5 Lever Maximum Security Mortice Sashlock - Chrome Effect,100+ bought in past month,4.4,1034,3,10,1627,N/A,63.55255070682237
DIY & Tools,20,11.59,B0074JFW3A,2024-11-01,26.98,12.0,,12.0,-43.55597365945438,-5,fba,5310,12,1598,0.0,0.0,61,0,0.0,ERA Fortress BS 3621 2.5-inch/ 64mm 5 Lever Maximum Security Mortice Sashlock - Chrome Effect,100+ bought in past month,4.4,1034,3,10,1627,N/A,63.55255070682237
DIY & Tools,20,11.59,B0074JFW3A,2024-11-01,26.98,21.2,19.42,19.42,-8.654750705550327,-5,fbm,5310,12,1598,0.0,0.0,61,0,0.0,ERA Fortress BS 3621 2.5-inch/ 64mm 5 Lever Maximum Security Mortice Sashlock - Chrome Effect,100+ bought in past month,4.4,1034,3,10,1627,N/A,63.55255070682237
DIY & Tools,20,11.59,B0074JFW3A,2024-11-02,24.61,21.2,19.42,19.42,-8.654750705550327,-5,fbm,6014,11,1598,0.0,0.0,61,0,0.0,ERA Fortress BS 3621 2.5-inch/ 64mm 5 Lever Maximum Security Mortice Sashlock - Chrome Effect,100+ bought in past month,4.4,1034,3,10,1627,N/A,63.55255070682237
DIY & Tools,20,11.59,B0074JFW3A,2024-11-03,24.58,21.2,19.43,19.43,-8.607714016933215,-5,fbm,5389,11,1599,0.0,0.0,61,0,0.0,ERA Fortress BS 3621 2.5-inch/ 64mm 5 Lever Maximum Security Mortice Sashlock - Chrome Effect,100+ bought in past month,4.4,1034,3,10,1627,N/A,63.55255070682237
DIY & Tools,20,11.59,B0074JFW3A,2024-11-04,24.5,21.2,,21.2,-0.2822201317027388,-5,fba,5639,12,1600,0.0,0.0,61,0,0.0,ERA Fortress BS 3621 2.5-inch/ 64mm 5 Lever Maximum Security Mortice Sashlock - Chrome Effect,100+ bought in past month,4.4,1034,3,10,1627,N/A,63.55255070682237
DIY & Tools,20,11.59,B0074JFW3A,2024-11-05,24.49,21.2,19.43,19.43,-8.607714016933215,-5,fbm,7618,11,1600,0.0,0.0,61,0,0.0,ERA Fortress BS 3621 2.5-inch/ 64mm 5 Lever Maximum Security Mortice Sashlock - Chrome Effect,100+ bought in past month,4.4,1034,3,10,1627,N/A,63.55255070682237
DIY & Tools,20,11.59,B0074JFW3A,2024-11-06,26.98,21.2,19.43,19.43,-8.607714016933215,-5,fbm,8019,12,1600,0.0,0.0,61,0,0.0,ERA Fortress BS 3621 2.5-inch/ 64mm 5 Lever Maximum Security Mortice Sashlock - Chrome Effect,100+ bought in past month,4.4,1034,3,10,1627,N/A,63.55255070682237
DIY & Tools,20,11.59,B0074JFW3A,2024-11-07,25.32,21.2,19.4,19.4,-8.748824082784585,-5,fbm,8683,11,1600,0.0,0.0,61,0,0.0,ERA Fortress BS 3621 2.5-inch/ 64mm 5 Lever Maximum Security Mortice Sashlock - Chrome Effect,100+ bought in past month,4.4,1034,3,10,1627,N/A,63.55255070682237
DIY & Tools,20,11.59,B0074JFW3A,2024-11-08,26.98,21.2,20.88,20.88,-1.7873941674506233,-5,fbm,7092,13,1600,0.0,0.0,61,0,0.0,ERA Fortress BS 3621 2.5-inch/ 64mm 5 Lever Maximum Security Mortice Sashlock - Chrome Effect,100+ bought in past month,4.4,1034,3,10,1627,N/A,63.55255070682237
DIY & Tools,20,11.59,B0074JFW3A,2024-11-09,25.24,21.2,20.88,20.88,-1.7873941674506233,-5,fbm,6774,13,1600,0.0,0.0,61,0,0.0,ERA Fortress BS 3621 2.5-inch/ 64mm 5 Lever Maximum Security Mortice Sashlock - Chrome Effect,100+ bought in past month,4.4,1034,3,10,1627,N/A,63.55255070682237
DIY & Tools,20,11.59,B0074JFW3A,2024-11-10,26.98,21.2,20.88,20.88,-1.7873941674506233,-5,fbm,8048,13,1600,0.0,0.0,61,0,0.0,ERA Fortress BS 3621 2.5-inch/ 64mm 5 Lever Maximum Security Mortice Sashlock - Chrome Effect,100+ bought in past month,4.4,1034,3,10,1627,N/A,63.55255070682237
DIY & Tools,20,11.59,B0074JFW3A,2024-11-11,25.32,21.2,20.88,20.88,-1.7873941674506233,-5,fbm,8407,12,1601,0.0,0.0,61,0,0.0,ERA Fortress BS 3621 2.5-inch/ 64mm 5 Lever Maximum Security Mortice Sashlock - Chrome Effect,100+ bought in past month,4.4,1034,3,10,1627,N/A,63.55255070682237
DIY & Tools,20,11.59,B0074JFW3A,2024-11-12,26.98,21.2,20.88,20.88,-1.7873941674506233,-5,fbm,5940,13,1601,0.0,0.0,61,0,0.0,ERA Fortress BS 3621 2.5-inch/ 64mm 5 Lever Maximum Security Mortice Sashlock - Chrome Effect,100+ bought in past month,4.4,1034,3,10,1627,N/A,63.55255070682237
DIY & Tools,20,11.59,B0074JFW3A,2024-11-13,25.43,21.2,21.25,21.2,-0.2822201317027388,-5,fba,5152,12,1602,0.0,0.0,61,0,0.0,ERA Fortress BS 3621 2.5-inch/ 64mm 5 Lever Maximum Security Mortice Sashlock - Chrome Effect,100+ bought in past month,4.4,1034,3,10,1627,N/A,63.55255070682237
DIY & Tools,20,11.59,B0074JFW3A,2024-11-14,26.98,21.2,21.35,21.2,-0.2822201317027388,-5,fba,12255,13,1602,0.0,0.0,61,0,0.0,ERA Fortress BS 3621 2.5-inch/ 64mm 5 Lever Maximum Security Mortice Sashlock - Chrome Effect,100+ bought in past month,4.4,1034,3,10,1627,N/A,63.55255070682237
DIY & Tools,20,11.59,B0074JFW3A,2024-11-15,25.51,21.2,21.35,21.2,-0.2822201317027388,-5,fba,11298,12,1603,0.0,0.0,61,0,0.0,ERA Fortress BS 3621 2.5-inch/ 64mm 5 Lever Maximum Security Mortice Sashlock - Chrome Effect,100+ bought in past month,4.4,1034,3,10,1627,N/A,63.55255070682237
DIY & Tools,20,11.59,B0074JFW3A,2024-11-16,24.89,21.2,21.35,21.2,-0.2822201317027388,-5,fba,13718,12,1603,0.0,0.0,61,0,0.0,ERA Fortress BS 3621 2.5-inch/ 64mm 5 Lever Maximum Security Mortice Sashlock - Chrome Effect,100+ bought in past month,4.4,1034,3,10,1627,N/A,63.55255070682237
DIY & Tools,20,11.59,B0074JFW3A,2024-11-17,24.88,15.66,21.35,15.66,-26.340545625587964,-5,fba,8804,12,1603,0.0,0.0,61,0,0.0,ERA Fortress BS 3621 2.5-inch/ 64mm 5 Lever Maximum Security Mortice Sashlock - Chrome Effect,100+ bought in past month,4.4,1034,3,10,1627,N/A,63.55255070682237
DIY & Tools,20,11.59,B0074JFW3A,2024-11-17,24.89,21.2,21.35,21.2,-0.2822201317027388,-5,fba,8804,12,1603,0.0,0.0,61,0,0.0,ERA Fortress BS 3621 2.5-inch/ 64mm 5 Lever Maximum Security Mortice Sashlock - Chrome Effect,100+ bought in past month,4.4,1034,3,10,1627,N/A,63.55255070682237
DIY & Tools,20,11.59,B0074JFW3A,2024-11-18,24.88,21.2,21.35,21.2,-0.2822201317027388,-5,fba,10308,13,1604,0.0,0.0,61,0,0.0,ERA Fortress BS 3621 2.5-inch/ 64mm 5 Lever Maximum Security Mortice Sashlock - Chrome Effect,100+ bought in past month,4.4,1034,3,10,1627,N/A,63.55255070682237
DIY & Tools,20,11.59,B0074JFW3A,2024-11-19,25.42,21.2,21.35,21.2,-0.2822201317027388,-5,fba,9105,13,1604,0.0,0.0,61,0,0.0,ERA Fortress BS 3621 2.5-inch/ 64mm 5 Lever Maximum Security Mortice Sashlock - Chrome Effect,100+ bought in past month,4.4,1034,3,10,1627,N/A,63.55255070682237
DIY & Tools,20,11.59,B0074JFW3A,2024-11-20,24.89,21.2,21.35,21.2,-0.2822201317027388,-5,fba,14226,13,1604,0.0,0.0,61,0,0.0,ERA Fortress BS 3621 2.5-inch/ 64mm 5 Lever Maximum Security Mortice Sashlock - Chrome Effect,100+ bought in past month,4.4,1034,3,10,1627,N/A,63.55255070682237
DIY & Tools,20,11.59,B0074JFW3A,2024-11-21,24.88,21.2,21.35,21.2,-0.2822201317027388,-5,fba,7967,15,1605,0.0,0.0,61,0,0.0,ERA Fortress BS 3621 2.5-inch/ 64mm 5 Lever Maximum Security Mortice Sashlock - Chrome Effect,100+ bought in past month,4.4,1034,3,10,1627,N/A,63.55255070682237
DIY & Tools,20,11.59,B0074JFW3A,2024-11-22,25.93,21.2,21.35,21.2,-0.2822201317027388,-5,fba,13347,15,1605,0.0,0.0,61,0,0.0,ERA Fortress BS 3621 2.5-inch/ 64mm 5 Lever Maximum Security Mortice Sashlock - Chrome Effect,100+ bought in past month,4.4,1034,3,10,1627,N/A,63.55255070682237
DIY & Tools,20,11.59,B0074JFW3A,2024-11-23,26.12,20.51,21.35,20.51,-3.527751646284101,-5,fba,10489,14,1605,0.0,0.0,61,0,0.0,ERA Fortress BS 3621 2.5-inch/ 64mm 5 Lever Maximum Security Mortice Sashlock - Chrome Effect,100+ bought in past month,4.4,1034,3,10,1627,N/A,63.55255070682237
DIY & Tools,20,11.59,B0074JFW3A,2024-11-23,26.27,21.2,21.35,21.2,-0.2822201317027388,-5,fba,10489,14,1605,0.0,0.0,61,0,0.0,ERA Fortress BS 3621 2.5-inch/ 64mm 5 Lever Maximum Security Mortice Sashlock - Chrome Effect,100+ bought in past month,4.4,1034,3,10,1627,N/A,63.55255070682237
DIY & Tools,20,11.59,B0074JFW3A,2024-11-24,26.3,21.2,21.35,21.2,-0.2822201317027388,-5,fba,11323,14,1607,0.0,0.0,61,0,0.0,ERA Fortress BS 3621 2.5-inch/ 64mm 5 Lever Maximum Security Mortice Sashlock - Chrome Effect,100+ bought in past month,4.4,1034,3,10,1627,N/A,63.55255070682237
DIY & Tools,20,11.59,B0074JFW3A,2024-11-25,25.78,21.2,21.35,21.2,-0.2822201317027388,-5,fba,10646,13,1607,0.0,0.0,61,0,0.0,ERA Fortress BS 3621 2.5-inch/ 64mm 5 Lever Maximum Security Mortice Sashlock - Chrome Effect,100+ bought in past month,4.4,1034,3,10,1627,N/A,63.55255070682237
DIY & Tools,20,11.59,B0074JFW3A,2024-11-26,26.98,21.2,21.35,21.2,-0.2822201317027388,-5,fba,11703,13,1607,0.0,0.0,61,0,0.0,ERA Fortress BS 3621 2.5-inch/ 64mm 5 Lever Maximum Security Mortice Sashlock - Chrome Effect,100+ bought in past month,4.4,1034,3,10,1627,N/A,63.55255070682237
DIY & Tools,20,11.59,B0074JFW3A,2024-11-27,25.68,21.2,21.35,21.2,-0.2822201317027388,-5,fba,9540,13,1608,0.0,0.0,61,0,0.0,ERA Fortress BS 3621 2.5-inch/ 64mm 5 Lever Maximum Security Mortice Sashlock - Chrome Effect,100+ bought in past month,4.4,1034,3,10,1627,N/A,63.55255070682237
DIY & Tools,20,11.59,B0074JFW3A,2024-11-28,25.64,21.2,21.35,21.2,-0.2822201317027388,-5,fba,15772,13,1609,0.0,0.0,61,0,0.0,ERA Fortress BS 3621 2.5-inch/ 64mm 5 Lever Maximum Security Mortice Sashlock - Chrome Effect,100+ bought in past month,4.4,1034,3,10,1627,N/A,63.55255070682237
DIY & Tools,20,11.59,B0074JFW3A,2024-11-29,26.98,21.2,21.35,21.2,-0.2822201317027388,-5,fba,20713,13,1609,0.0,0.0,61,0,0.0,ERA Fortress BS 3621 2.5-inch/ 64mm 5 Lever Maximum Security Mortice Sashlock - Chrome Effect,100+ bought in past month,4.4,1034,3,10,1627,N/A,63.55255070682237
DIY & Tools,20,11.59,B0074JFW3A,2024-11-30,25.14,20.51,21.35,20.51,-3.527751646284101,-5,fba,18798,14,1609,0.0,0.0,61,0,0.0,ERA Fortress BS 3621 2.5-inch/ 64mm 5 Lever Maximum Security Mortice Sashlock - Chrome Effect,100+ bought in past month,4.4,1034,3,10,1627,N/A,63.55255070682237
DIY & Tools,20,11.59,B0074JFW3A,2024-12-01,25.08,20.51,21.35,20.51,-3.527751646284101,-5,fba,11306,14,1609,0.0,0.0,61,0,0.0,ERA Fortress BS 3621 2.5-inch/ 64mm 5 Lever Maximum Security Mortice Sashlock - Chrome Effect,100+ bought in past month,4.4,1034,3,10,1627,N/A,63.55255070682237
DIY & Tools,20,11.59,B0074JFW3A,2024-12-02,25.06,20.51,21.35,20.51,-3.527751646284101,-5,fba,10698,13,1609,0.0,0.0,61,0,0.0,ERA Fortress BS 3621 2.5-inch/ 64mm 5 Lever Maximum Security Mortice Sashlock - Chrome Effect,100+ bought in past month,4.4,1034,3,10,1627,N/A,63.55255070682237
DIY & Tools,20,11.59,B0074JFW3A,2024-12-03,25.04,21.2,21.35,21.2,-0.2822201317027388,-5,fba,7908,14,1609,0.0,0.0,62,0,0.0,ERA Fortress BS 3621 2.5-inch/ 64mm 5 Lever Maximum Security Mortice Sashlock - Chrome Effect,100+ bought in past month,4.4,1034,3,10,1627,N/A,63.55255070682237
DIY & Tools,20,11.59,B0074JFW3A,2024-12-04,24.88,20.51,21.35,20.51,-3.527751646284101,-5,fba,9918,14,1609,0.0,0.0,62,0,0.0,ERA Fortress BS 3621 2.5-inch/ 64mm 5 Lever Maximum Security Mortice Sashlock - Chrome Effect,100+ bought in past month,4.4,1034,3,10,1627,N/A,63.55255070682237
DIY & Tools,20,11.59,B0074JFW3A,2024-12-05,24.84,20.57,21.35,20.57,-3.245531514581379,-5,fba,9283,13,1609,0.0,0.0,62,0,0.0,ERA Fortress BS 3621 2.5-inch/ 64mm 5 Lever Maximum Security Mortice Sashlock - Chrome Effect,100+ bought in past month,4.4,1034,3,10,1627,N/A,63.55255070682237
DIY & Tools,20,11.59,B0074JFW3A,2024-12-05,24.8,20.51,21.35,20.51,-3.527751646284101,-5,fba,9283,13,1609,0.0,0.0,62,0,0.0,ERA Fortress BS 3621 2.5-inch/ 64mm 5 Lever Maximum Security Mortice Sashlock - Chrome Effect,100+ bought in past month,4.4,1034,3,10,1627,N/A,63.55255070682237
DIY & Tools,20,11.59,B0074JFW3A,2024-12-06,24.74,20.57,21.35,20.57,-3.245531514581379,-5,fba,10345,15,1609,0.0,0.0,62,0,0.0,ERA Fortress BS 3621 2.5-inch/ 64mm 5 Lever Maximum Security Mortice Sashlock - Chrome Effect,100+ bought in past month,4.4,1034,3,10,1627,N/A,63.55255070682237
DIY & Tools,20,11.59,B0074JFW3A,2024-12-06,24.73,20.51,21.35,20.51,-3.527751646284101,-5,fba,10345,15,1609,0.0,0.0,62,0,0.0,ERA Fortress BS 3621 2.5-inch/ 64mm 5 Lever Maximum Security Mortice Sashlock - Chrome Effect,100+ bought in past month,4.4,1034,3,10,1627,N/A,63.55255070682237
DIY & Tools,20,11.59,B0074JFW3A,2024-12-06,24.66,19.99,21.35,19.99,-5.973659454374427,-5,fba,10345,15,1609,0.0,0.0,62,0,0.0,ERA Fortress BS 3621 2.5-inch/ 64mm 5 Lever Maximum Security Mortice Sashlock - Chrome Effect,100+ bought in past month,4.4,1034,3,10,1627,N/A,63.55255070682237
DIY & Tools,20,11.59,B0074JFW3A,2024-12-07,24.64,19.99,21.71,19.99,-5.973659454374427,-5,fba,14155,15,1609,0.0,0.0,62,0,0.0,ERA Fortress BS 3621 2.5-inch/ 64mm 5 Lever Maximum Security Mortice Sashlock - Chrome Effect,100+ bought in past month,4.4,1034,3,10,1627,N/A,63.55255070682237
DIY & Tools,20,11.59,B0074JFW3A,2024-12-08,24.59,19.99,21.35,19.99,-5.973659454374427,-5,fba,19175,16,1609,0.0,0.0,62,0,0.0,ERA Fortress BS 3621 2.5-inch/ 64mm 5 Lever Maximum Security Mortice Sashlock - Chrome Effect,100+ bought in past month,4.4,1034,3,10,1627,N/A,63.55255070682237
DIY & Tools,20,11.59,B0074JFW3A,2024-12-09,24.57,19.99,,19.99,-5.973659454374427,-5,fba,15609,16,1610,0.0,0.0,62,0,0.0,ERA Fortress BS 3621 2.5-inch/ 64mm 5 Lever Maximum Security Mortice Sashlock - Chrome Effect,100+ bought in past month,4.4,1034,3,10,1627,N/A,63.55255070682237
DIY & Tools,20,11.59,B0074JFW3A,2024-12-10,24.98,19.99,21.35,19.99,-5.973659454374427,-5,fba,13441,16,1610,0.0,0.0,62,0,0.0,ERA Fortress BS 3621 2.5-inch/ 64mm 5 Lever Maximum Security Mortice Sashlock - Chrome Effect,100+ bought in past month,4.4,1034,3,10,1627,N/A,63.55255070682237
DIY & Tools,20,11.59,B0074JFW3A,2024-12-11,24.96,19.99,21.71,19.99,-5.973659454374427,-5,fba,9891,14,1610,0.0,0.0,62,0,0.0,ERA Fortress BS 3621 2.5-inch/ 64mm 5 Lever Maximum Security Mortice Sashlock - Chrome Effect,100+ bought in past month,4.4,1034,3,10,1627,N/A,63.55255070682237
DIY & Tools,20,11.59,B0074JFW3A,2024-12-12,24.92,19.99,21.35,19.99,-5.973659454374427,-5,fba,11240,14,1610,0.0,0.0,62,0,0.0,ERA Fortress BS 3621 2.5-inch/ 64mm 5 Lever Maximum Security Mortice Sashlock - Chrome Effect,100+ bought in past month,4.4,1034,3,10,1627,N/A,63.55255070682237
DIY & Tools,20,11.59,B0074JFW3A,2024-12-13,25.89,19.99,21.35,19.99,-5.973659454374427,-5,fba,15835,15,1610,0.0,0.0,62,0,0.0,ERA Fortress BS 3621 2.5-inch/ 64mm 5 Lever Maximum Security Mortice Sashlock - Chrome Effect,100+ bought in past month,4.4,1034,3,10,1627,N/A,63.55255070682237
DIY & Tools,20,11.59,B0074JFW3A,2024-12-14,25.83,19.99,21.35,19.99,-5.973659454374427,-5,fba,14047,15,1610,0.0,0.0,62,0,0.0,ERA Fortress BS 3621 2.5-inch/ 64mm 5 Lever Maximum Security Mortice Sashlock - Chrome Effect,100+ bought in past month,4.4,1034,3,10,1627,N/A,63.55255070682237
DIY & Tools,20,11.59,B0074JFW3A,2024-12-15,25.44,21.2,21.35,21.2,-0.2822201317027388,-5,fba,11356,14,1611,0.0,0.0,62,0,0.0,ERA Fortress BS 3621 2.5-inch/ 64mm 5 Lever Maximum Security Mortice Sashlock - Chrome Effect,100+ bought in past month,4.4,1034,3,10,1627,N/A,63.55255070682237
DIY & Tools,20,11.59,B0074JFW3A,2024-12-16,25.38,21.2,21.35,21.2,-0.2822201317027388,-5,fba,9778,13,1611,0.0,0.0,62,0,0.0,ERA Fortress BS 3621 2.5-inch/ 64mm 5 Lever Maximum Security Mortice Sashlock - Chrome Effect,100+ bought in past month,4.4,1034,3,10,1627,N/A,63.55255070682237
DIY & Tools,20,11.59,B0074JFW3A,2024-12-17,25.36,20.51,21.35,20.51,-3.527751646284101,-5,fba,9692,13,1611,0.0,0.0,62,0,0.0,ERA Fortress BS 3621 2.5-inch/ 64mm 5 Lever Maximum Security Mortice Sashlock - Chrome Effect,100+ bought in past month,4.4,1034,3,10,1627,N/A,63.55255070682237
DIY & Tools,20,11.59,B0074JFW3A,2024-12-17,25.26,21.2,21.18,21.18,-0.3762935089369795,-5,fbm,9692,13,1611,0.0,0.0,62,0,0.0,ERA Fortress BS 3621 2.5-inch/ 64mm 5 Lever Maximum Security Mortice Sashlock - Chrome Effect,100+ bought in past month,4.4,1034,3,10,1627,N/A,63.55255070682237
DIY & Tools,20,11.59,B0074JFW3A,2024-12-18,25.14,21.19,21.18,21.18,-0.3762935089369795,-5,fbm,9670,13,1611,0.0,0.0,62,1,21.19,ERA Fortress BS 3621 2.5-inch/ 64mm 5 Lever Maximum Security Mortice Sashlock - Chrome Effect,100+ bought in past month,4.4,1034,3,10,1627,N/A,63.55255070682237
DIY & Tools,20,11.59,B0074JFW3A,2024-12-19,25.0,21.19,21.18,21.18,-0.3762935089369795,-5,fbm,12915,12,1611,0.0,0.0,62,4,21.19,ERA Fortress BS 3621 2.5-inch/ 64mm 5 Lever Maximum Security Mortice Sashlock - Chrome Effect,100+ bought in past month,4.4,1034,3,10,1627,N/A,63.55255070682237
